Microchip MPLAB XC8 PIC(R) Assembler V3.10

Linker command line:

-W-3 \
  --edf=C:\Program Files\Microchip\xc8\v3.10\pic\dat\20250813170317_en.msgs \
  -cs -h+dist/default/production\p3.X.production.sym \
  --cmf=dist/default/production\p3.X.production.cmf -z -Q18F4550 \
  -oC:\Users\gabo1\AppData\Local\Temp\xcAs8m4.0\driver_tmp_3.o \
  --fixupoverflow=error -ver=XC8 PIC(R) Assembler --fixupoverflow=lstwarn \
  -Mdist/default/production/p3.X.production.map -E1 -ACODE=00h-07FFFh \
  -ACONST=00h-07FFFh -ASMALLCONST=0800h-08FFhx120 \
  -AMEDIUMCONST=0800h-07FFFh -ACOMRAM=00h-05Fh -AABS1=00h-07FFh \
  -ABIGRAM=00h-07FFh -ARAM=060h-0FFh,0100h-01FFhx7 -ABANK0=060h-0FFh \
  -ABANK1=0100h-01FFh -ABANK2=0200h-02FFh -ABANK3=0300h-03FFh \
  -ABANK4=0400h-04FFh -ABANK5=0500h-05FFh -ABANK6=0600h-06FFh \
  -ABANK7=0700h-07FFh -ASFR=0F60h-0FFFh -ABIGSFR=0F60h-0FFFh \
  -ACONFIG=0300000h-030000Dh -AIDLOC=0200000h-0200007h \
  -AEEDATA=0F00000h-0F000FFh build/default/production/p3.o 

Object code version is 3.11

Machine type is 18F4550



                Name                               Link     Load   Length Selector   Space Scale
build/default/production/p3.o
                CODE                                  0        0       54        0       0
                udata_acs                             0        0        2        0       1

TOTAL           Name                               Link     Load   Length     Space
        CLASS   CODE           

        CLASS   CONST          

        CLASS   SMALLCONST     

        CLASS   MEDIUMCONST    

        CLASS   COMRAM         
                udata_acs                             0        0        2         1

        CLASS   ABS1           

        CLASS   BIGRAM         

        CLASS   RAM            

        CLASS   BANK0          

        CLASS   BANK1          

        CLASS   BANK2          

        CLASS   BANK3          

        CLASS   BANK4          

        CLASS   BANK5          

        CLASS   BANK6          

        CLASS   BANK7          

        CLASS   SFR            

        CLASS   BIGSFR         

        CLASS   CONFIG         

        CLASS   IDLOC          

        CLASS   EEDATA         

        CLASS   UNCLASSED
                CODE                                  0        0       54         0


SEGMENTS        Name                           Load    Length   Top    Selector   Space  Class

                udata_acs                      000000  000002  000002         0       1  COMRAM  


UNUSED ADDRESS RANGES

        Name                Unused          Largest block    Delta
        BANK0            60-FF           A0
        BANK1            100-1FF          100
        BANK2            200-2FF          100
        BANK3            300-3FF          100
        BANK4            400-4FF          100
        BANK5            500-5FF          100
        BANK6            600-6FF          100
        BANK7            700-7FF          100
        BIGRAM           54-7FF          7AC
        BIGSFR           F60-FFF           A0
        CODE             54-7FFF         7FAC
        COMRAM           02-5F           5E
        CONFIG           300000-30000D            E
        CONST            54-7FFF         7FAC
        EEDATA           F00000-F000FF          100
        IDLOC            200000-200007            8
        MEDIUMCONST      800-7FFF         7800
        RAM              60-7FF          100
        SFR              F60-FFF           A0
        SMALLCONST       800-7FFF          100

                                  Symbol Table

__HCODE         CODE         54  __H__absolute__ __absolute__ 00
__Hcode         code         00  __Hdata         data         00
__Hedata        edata        00  __Hspace_0      (abs)        54
__Hspace_1      (abs)        02  __Hspace_3      (abs)        00
__Hudata        udata        00  __Hudata_acs    udata_acs    00
__Hudata_bank0  udata_bank0  00  __Hudata_bank1  udata_bank1  00
__Hudata_bank2  udata_bank2  00  __Hudata_bank3  udata_bank3  00
__Hudata_bank4  udata_bank4  00  __Hudata_bank5  udata_bank5  00
__Hudata_bank6  udata_bank6  00  __Hudata_bank7  udata_bank7  00
__LCODE         CODE         00  __L__absolute__ __absolute__ 00
__Lcode         code         00  __Ldata         data         00
__Ledata        edata        00  __Lspace_0      (abs)        00
__Lspace_1      (abs)        00  __Lspace_3      (abs)        00
__Ludata        udata        00  __Ludata_acs    udata_acs    00
__Ludata_bank0  udata_bank0  00  __Ludata_bank1  udata_bank1  00
__Ludata_bank2  udata_bank2  00  __Ludata_bank3  udata_bank3  00
__Ludata_bank4  udata_bank4  00  __Ludata_bank5  udata_bank5  00
__Ludata_bank6  udata_bank6  00  __Ludata_bank7  udata_bank7  00
__S0            (abs)        00  __S1            (abs)        02
__S3            (abs)        00  isa$std         (abs)        01
isa$xinst       (abs)        00  
